Self-tests, hand tables, extension failures and repairs verified.
All seven anchor exception boxes exhausted.
Prime sieve: 14215707 hard primes through 10000000000
{"base_hybrid_misses": [11259889, 788653441, 1350237001], "bound": 10000000000, "exterior_rules_checked": 78332, "hard_prime_count": 14215707, "middle_rules_checked": 414902, "seconds": 30.578, "uncovered_after_extensions": 0}
{
  "self_test": {
    "bounded_states_tested": 71,
    "anchor_packet_tests": 84,
    "hard_sieves_agree_through": 2000000
  },
  "anchors": [
    {
      "R": 11,
      "A": 9,
      "hard_primes_tested": 152,
      "with_nonH_prime_factor": 91,
      "exception_primes": []
    },
    {
      "R": 23,
      "A": 12,
      "hard_primes_tested": 37,
      "with_nonH_prime_factor": 24,
      "exception_primes": []
    },
    {
      "R": 23,
      "A": 18,
      "hard_primes_tested": 143,
      "with_nonH_prime_factor": 90,
      "exception_primes": [
        1201
      ]
    },
    {
      "R": 19,
      "A": 35,
      "hard_primes_tested": 3754,
      "with_nonH_prime_factor": 2421,
      "exception_primes": [
        837601
      ]
    },
    {
      "R": 39,
      "A": 40,
      "hard_primes_tested": 19,
      "with_nonH_prime_factor": 9,
      "exception_primes": []
    },
    {
      "R": 39,
      "A": 50,
      "hard_primes_tested": 302,
      "with_nonH_prime_factor": 183,
      "exception_primes": [
        3361
      ]
    },
    {
      "R": 39,
      "A": 64,
      "hard_primes_tested": 1061,
      "with_nonH_prime_factor": 682,
      "exception_primes": []
    }
  ],
  "cover": {
    "bound": 10000000000,
    "hard_prime_count": 14215707,
    "base_hybrid_misses": [
      11259889,
      788653441,
      1350237001
    ],
    "exterior_rules_checked": 78332,
    "middle_rules_checked": 414902,
    "uncovered_after_extensions": 0,
    "seconds": 30.578
  }
}
	Command being timed: "python3 /mnt/data/es_pointwise_tranche/verifier.py --self-test --anchors --cover-bound 10000000000 --out /mnt/data/es_pointwise_tranche/certificates"
	User time (seconds): 32.77
	System time (seconds): 1.97
	Percent of CPU this job got: 101%
	Elapsed (wall clock) time (h:mm:ss or m:ss): 0:34.29
	Average shared text size (kbytes): 0
	Average unshared data size (kbytes): 0
	Average stack size (kbytes): 0
	Average total size (kbytes): 0
	Maximum resident set size (kbytes): 273832
	Average resident set size (kbytes): 0
	Major (requiring I/O) page faults: 0
	Minor (reclaiming a frame) page faults: 83195
	Voluntary context switches: 13
	Involuntary context switches: 175
	Swaps: 0
	File system inputs: 0
	File system outputs: 392
	Socket messages sent: 0
	Socket messages received: 0
	Signals delivered: 0
	Page size (bytes): 4096
	Exit status: 0
